E:\Python310\python.exe : Traceback (most recent call last):
所在位置 行:1 字符: 1
+ E:\Python310\python.exe test_push_simple.py > test_output.txt 2>&1
+ ~~~~~~~~~~~~~~~~~~~~~~~~~~~~~~~~~~~~~~~~~~~~~~~~~~~~~~~~~~~~~~~~~~
    + CategoryInfo          : NotSpecified: (Traceback (most recent call last)::String) [], RemoteException
    + FullyQualifiedErrorId : NativeCommandError
 
  File "D:\new\wechat_rss\feishu_sender.py", line 304, in _send_message
    print(f"\U0001f4e4 正在发送消息到飞书...")
UnicodeEncodeError: 'gbk' codec can't encode character '\U0001f4e4' in position 0: illegal multibyte sequence

During handling of the above exception, another exception occurred:

Traceback (most recent call last):
  File "D:\new\wechat_rss\feishu_sender.py", line 51, in send_articles
    success = self._send_message(message)
  File "D:\new\wechat_rss\feishu_sender.py", line 324, in _send_message
    print(f"\u274c 飞书推送异常: {e}")
UnicodeEncodeError: 'gbk' codec can't encode character '\u274c' in position 0: illegal multibyte sequence

During handling of the above exception, another exception occurred:

Traceback (most recent call last):
  File "D:\new\test_push_simple.py", line 60, in <module>
    result = sender.send_articles(test_articles)
  File "D:\new\wechat_rss\feishu_sender.py", line 56, in send_articles
    print(f"\u274c 飞书推送失败: {e}")
UnicodeEncodeError: 'gbk' codec can't encode character '\u274c' in position 0: illegal multibyte sequence
开始测试推送...
加载 .env 文件...
env 文件加载完成
飞书Webhook: https://www.feishu.cn/flow/api/trigger-webhook/b23...
OpenRouter API: sk-or-v1-c2ef04bc30a...
FeishuSender 导入成功
开始发送测试消息...
错误: 'gbk' codec can't encode character '\u274c' in position 0: illegal multibyte sequence
测试完成
